// Jest Snapshot v1, https://goo.gl/fbAQLP

exports[`Migrations should apply all migrations to provided DB 1`] = `
{
  "created_at": Any<String>,
  "hash": "b1b46e7d016aa5eadbb00c35014b3303d3972618801b8304c187f5fdbf7393c4",
  "id": 1,
}
`;

exports[`Migrations should apply all migrations to provided DB 2`] = `
{
  "created_at": Any<String>,
  "hash": "94ffbd5783d22db08782fbcf7cc3285e3217a0776f3eabcaf62c62d9d325d626",
  "id": 2,
}
`;
