// Jest Snapshot v1, https://goo.gl/fbAQLP

exports[`MembersServiceLambda should contain the correct Lambda properties 1`] = `
{
  "DeletionPolicy": "Delete",
  "Properties": {
    "Architectures": [
      "arm64",
    ],
    "Code": {
      "ImageUri": {
        "Fn::Join": [
          "",
          [
            {
              "Ref": "AWS::AccountId",
            },
            ".dkr.ecr.",
            {
              "Ref": "AWS::Region",
            },
            ".",
            {
              "Ref": "AWS::URLSuffix",
            },
            "/hour-tracker-members-service:",
            {
              "Ref": "hashOrVersion",
            },
          ],
        ],
      },
    },
    "Environment": {
      "Variables": {
        "DATABASE_URL": {
          "Ref": "SsmParameterValueHOURTRACKERDATABASEURLC96584B6F00A464EAD1953AFF4B05118Parameter",
        },
        "NEW_RELIC_ACCOUNT_ID": {
          "Ref": "SsmParameterValueNEWRELICACCOUNTIDC96584B6F00A464EAD1953AFF4B05118Parameter",
        },
        "NEW_RELIC_DATA_COLLECTION_TIMEOUT": "10s",
        "NEW_RELIC_EXTENSION_SEND_FUNCTION_LOGS": "true",
        "NEW_RELIC_IGNORE_EXTENSION_CHECKS": "all",
        "NEW_RELIC_LAMBDA_EXTENSION_ENABLED": "true",
        "NEW_RELIC_LAMBDA_HANDLER": "apps/api/members/index.handler",
        "NEW_RELIC_LICENSE_KEY": {
          "Ref": "SsmParameterValueNEWRELICLICENSEKEYC96584B6F00A464EAD1953AFF4B05118Parameter",
        },
        "NEW_RELIC_NO_CONFIG_FILE": "true",
      },
    },
    "FunctionName": "HourTrackerAPI-Members",
    "MemorySize": 256,
    "PackageType": "Image",
    "Role": {
      "Fn::GetAtt": [
        "hourtrackerapimembershourtrackermembersserviceServiceRole72DF1FAF",
        "Arn",
      ],
    },
    "Timeout": 20,
  },
  "Type": "AWS::Lambda::Function",
  "UpdateReplacePolicy": "Delete",
}
`;
